// Jest Snapshot v1, https://goo.gl/fbAQLP

exports[`Datepicker > useLogic > handleDateSet handleDateSet toggles visibility, if hideOnSelect === true 1`] = `
Object {
  "payload": false,
  "type": "TOGGLE_DATEPICKER",
}
`;

exports[`Datepicker > useLogic > handleDateSet returns functions 1`] = `
Object {
  "formatValue": [Function],
  "getDate": [Function],
  "handleDateSet": [Function],
}
`;
