// Jest Snapshot v1, https://goo.gl/fbAQLP

exports[`useThemePostCSS creates valid ref 1`] = `
Object {
  "ref": Object {
    "current": null,
  },
  "setRef": [Function],
  "style": Object {
    "--bgColor": "white",
    "--borderColor": "rgba(0, 0, 0, 0.38)",
    "--calendarHeight": "200px",
    "--calendarWidth": "240px",
    "--datePickerWidth": "calc(var(--calendarWidth) + var(--innerPadding) * 2)",
    "--datepickerBorderRadius": "4px",
    "--entryBorderRadius": "4px",
    "--entryHeight": "32px",
    "--entryHighlightColor": "lightblue",
    "--entryHoverColor": "rgba(0, 0, 0, 0.08)",
    "--entryMargin": "1px",
    "--entrySelectedColor": "#43a047",
    "--fontFallback": "sans-serif",
    "--fontPrimary": "Helvetica Neue",
    "--fontSecondary": "Arial",
    "--fontSize": "14px",
    "--fontSizeBig": "24px",
    "--fontSizeSmall": "10px",
    "--fontWeight": "400",
    "--headerBgColor": "#43a047",
    "--headerTextColor": "white",
    "--innerPadding": "12px",
    "--inputBorderColor": "rgba(0, 0, 0, 0.38)",
    "--inputBorderRadius": "4px",
    "--inputHighlightColor": "lightblue",
    "--inputPadding": "8px",
    "--inputWidth": "90px",
    "--modalBgColor": "rgba(0, 0, 0, 0.38)",
    "--selectorHeight": "36px",
    "--textColor": "black",
    "--weekDayColor": "rgba(0, 0, 0, 0.38)",
    "--weekendTextColor": "red",
  },
}
`;

exports[`useThemePostCSS overrides default with custom theme when provided 1`] = `
<DocumentFragment>
  <div
    data-testid="styleContainer"
    style="--foo: bar;"
  >
    Theme PostCSS
  </div>
</DocumentFragment>
`;

exports[`useThemePostCSS overrides default with custom theme when provided 2`] = `
<DocumentFragment>
  <div
    data-testid="styleContainer"
    style="--foo: baz; --fiz: buz;"
  >
    Theme PostCSS
  </div>
</DocumentFragment>
`;

exports[`useThemePostCSS sets default theme to provided HTMLElement 1`] = `
<DocumentFragment>
  <div
    data-testid="styleContainer"
    style="--fontPrimary: Helvetica Neue; --fontSecondary: Arial; --fontFallback: sans-serif; --fontSize: 14px; --fontWeight: 400; --fontSizeSmall: 10px; --fontSizeBig: 24px; --calendarWidth: 240px; --datePickerWidth: calc(var(--calendarWidth) + var(--innerPadding) * 2); --selectorHeight: 36px; --calendarHeight: 200px; --innerPadding: 12px; --entryHeight: 32px; --entryMargin: 1px; --datepickerBorderRadius: 4px; --entryBorderRadius: 4px; --bgColor: white; --textColor: black; --headerBgColor: #43a047; --weekendTextColor: red; --headerTextColor: white; --borderColor: rgba(0, 0, 0, 0.38); --modalBgColor: rgba(0, 0, 0, 0.38); --weekDayColor: rgba(0, 0, 0, 0.38); --entryHoverColor: rgba(0, 0, 0, 0.08); --entrySelectedColor: #43a047; --entryHighlightColor: lightblue; --inputWidth: 90px; --inputPadding: 8px; --inputBorderRadius: 4px; --inputBorderColor: rgba(0, 0, 0, 0.38); --inputHighlightColor: lightblue;"
  >
    Theme PostCSS
  </div>
</DocumentFragment>
`;
