// Jest Snapshot v1, https://goo.gl/fbAQLP

exports[`useOnClickOutside renders 1`] = `
<DocumentFragment>
  <div
    data-testid="parent"
  >
    Parent
    <div
      data-testid="sibling"
    >
      Sibling
    </div>
    <button
      data-testid="clickable"
      id="child"
      type="button"
    >
      Child
    </button>
  </div>
</DocumentFragment>
`;
