// Jest Snapshot v1, https://goo.gl/fbAQLP

exports[`DatepickerWrapper renders 1`] = `
<DocumentFragment>
  <div
    aria-label="Title"
    class="datepickerWrapper"
    role="dialog"
    style="--fontPrimary: Helvetica Neue; --fontSecondary: Arial; --fontFallback: sans-serif; --fontSize: 14px; --fontWeight: 400; --fontSizeSmall: 10px; --fontSizeBig: 24px; --calendarWidth: 240px; --datePickerWidth: calc(var(--calendarWidth) + var(--innerPadding) * 2); --selectorHeight: 36px; --calendarHeight: 200px; --innerPadding: 12px; --entryHeight: 32px; --entryMargin: 1px; --datepickerBorderRadius: 4px; --entryBorderRadius: 4px; --bgColor: white; --textColor: black; --headerBgColor: #43a047; --weekendTextColor: red; --headerTextColor: white; --borderColor: rgba(0, 0, 0, 0.38); --modalBgColor: rgba(0, 0, 0, 0.38); --weekDayColor: rgba(0, 0, 0, 0.38); --entryHoverColor: rgba(0, 0, 0, 0.08); --entrySelectedColor: #43a047; --entryHighlightColor: lightblue; --inputWidth: 90px; --inputPadding: 8px; --inputBorderRadius: 4px; --inputBorderColor: rgba(0, 0, 0, 0.38); --inputHighlightColor: lightblue;"
  >
    <div>
      Mock
    </div>
  </div>
</DocumentFragment>
`;
