// Jest Snapshot v1, https://goo.gl/fbAQLP

exports[`renders without crashing 1`] = `
<Provider
  store={
    Object {
      "dispatch": [Function],
      "getState": [Function],
      "replaceReducer": [Function],
      "subscribe": [Function],
      Symbol(observable): [Function],
    }
  }
>
  <App>
    <div
      className="app"
    >
      <Calendar>
        <div>
          Calendar
        </div>
      </Calendar>
    </div>
  </App>
</Provider>
`;
